2025-09-10T20:59:01.961296+0530 | INFO | Account position mode: {'dualSidePosition': False}
2025-09-10T20:59:02.525865+0530 | INFO | Placing MARKET BUY BTCUSDT qty=0.001
2025-09-10T20:59:02.950645+0530 | INFO | Response: {'orderId': 5645352151, 'symbol': 'BTCUSDT', 'status': 'NEW', 'clientOrderId': '6BBIFniA66zJzfCyFuDHuk', 'price': '0.00', 'avgPrice': '0.00', 'origQty': '0.001', 'executedQty': '0.000', 'cumQty': '0.000', 'cumQuote': '0.00000', 'timeInForce': 'GTC', 'type': 'MARKET', 'reduceOnly': False, 'closePosition': False, 'side': 'BUY', 'positionSide': 'BOTH', 'stopPrice': '0.00', 'workingType': 'CONTRACT_PRICE', 'priceProtect': False, 'origType': 'MARKET', 'priceMatch': 'NONE', 'selfTradePreventionMode': 'EXPIRE_MAKER', 'goodTillDate': 0, 'updateTime': 1757518143437}
2025-09-10T20:59:10.936109+0530 | INFO | Account position mode: {'dualSidePosition': False}
2025-09-10T20:59:11.780607+0530 | INFO | Placing LIMIT SELL BTCUSDT qty=0.001 price=74999.9
2025-09-10T20:59:19.744128+0530 | INFO | Account position mode: {'dualSidePosition': False}
2025-09-11T04:16:07.290302+0530 | ERROR | Market order failed: (401, -2014, 'API-key format invalid.', {'Content-Type': 'application/json', 'Content-Length': '46', 'Connection': 'keep-alive', 'Date': 'Wed, 10 Sep 2025 22:46:07 GMT', 'Access-Control-Allow-Methods': 'GET, POST, PUT, DELETE, OPTIONS', 'Server': 'Bengine', 'x-mbx-used-weight-1m': '30', 'x-response-time': '0ms', 'Access-Control-Allow-Origin': '*', 'X-Cache': 'Error from cloudfront', 'Via': '1.1 341102f11752e2e637fd04f85eef18f2.cloudfront.net (CloudFront)', 'X-Amz-Cf-Pop': 'HYD57-P2', 'X-Amz-Cf-Id': 'h5rfGRYVceHslMd6ypY0piLr26vVipJedA_4dlYdt1dTxh_Bqi4MNw=='})
2025-09-11T04:18:31.845458+0530 | INFO | Account position mode: {'dualSidePosition': False}
2025-09-11T04:18:32.346331+0530 | INFO | Placing MARKET BUY BTCUSDT qty=0.01
2025-09-11T04:18:32.531180+0530 | INFO | Response: {'orderId': 5645582382, 'symbol': 'BTCUSDT', 'status': 'NEW', 'clientOrderId': 'AiD6CLt7zpEZZB76lflm81', 'price': '0.00', 'avgPrice': '0.00', 'origQty': '0.010', 'executedQty': '0.000', 'cumQty': '0.000', 'cumQuote': '0.00000', 'timeInForce': 'GTC', 'type': 'MARKET', 'reduceOnly': False, 'closePosition': False, 'side': 'BUY', 'positionSide': 'BOTH', 'stopPrice': '0.00', 'workingType': 'CONTRACT_PRICE', 'priceProtect': False, 'origType': 'MARKET', 'priceMatch': 'NONE', 'selfTradePreventionMode': 'EXPIRE_MAKER', 'goodTillDate': 0, 'updateTime': 1757544513098}
2025-09-11T04:19:40.918657+0530 | INFO | Account position mode: {'dualSidePosition': False}
2025-09-11T04:19:41.439284+0530 | INFO | Placing MARKET BUY BTCUSDT qty=0.01
2025-09-11T04:19:41.583413+0530 | INFO | Response: {'orderId': 5645582897, 'symbol': 'BTCUSDT', 'status': 'NEW', 'clientOrderId': 'SNezQWU9Ktt2IKabPqzAJ9', 'price': '0.00', 'avgPrice': '0.00', 'origQty': '0.010', 'executedQty': '0.000', 'cumQty': '0.000', 'cumQuote': '0.00000', 'timeInForce': 'GTC', 'type': 'MARKET', 'reduceOnly': False, 'closePosition': False, 'side': 'BUY', 'positionSide': 'BOTH', 'stopPrice': '0.00', 'workingType': 'CONTRACT_PRICE', 'priceProtect': False, 'origType': 'MARKET', 'priceMatch': 'NONE', 'selfTradePreventionMode': 'EXPIRE_MAKER', 'goodTillDate': 0, 'updateTime': 1757544582178}
2025-09-29T15:33:54.894676+0530 | WARNING | Email credentials not configured. Email notifications disabled.
2025-09-29T15:33:54.894676+0530 | WARNING | Discord webhook URL not configured. Discord notifications disabled.
2025-09-29T15:42:07.724919+0530 | WARNING | Email credentials not configured. Email notifications disabled.
2025-09-29T15:42:07.724919+0530 | WARNING | Discord webhook URL not configured. Discord notifications disabled.
2025-09-29T15:43:36.579883+0530 | WARNING | Email credentials not configured. Email notifications disabled.
2025-09-29T15:43:36.579883+0530 | WARNING | Discord webhook URL not configured. Discord notifications disabled.
2025-09-29T15:45:35.090636+0530 | WARNING | Email credentials not configured. Email notifications disabled.
2025-09-29T15:45:35.090636+0530 | WARNING | Discord webhook URL not configured. Discord notifications disabled.
2025-09-29T15:45:35.105528+0530 | ERROR | Example execution failed: You can only execute one statement at a time.
2025-09-29T15:49:39.539775+0530 | WARNING | Email credentials not configured. Email notifications disabled.
2025-09-29T15:49:39.539775+0530 | WARNING | Discord webhook URL not configured. Discord notifications disabled.
2025-09-29T15:49:39.547471+0530 | ERROR | Portfolio summary failed: You can only execute one statement at a time.
2025-09-29T15:51:03.157807+0530 | INFO | Test log message
